C51 COMPILER V9.56.0.0   TIM                                                               01/25/2025 10:54:04 PAGE 1   


C51 COMPILER V9.56.0.0, COMPILATION OF MODULE TIM
OBJECT MODULE PLACED IN .\Objects\tim.obj
COMPILER INVOKED BY: C:\Keil_v5\C51\BIN\C51.EXE tim.c OPTIMIZE(8,SPEED) BROWSE INCDIR(..\Driver) DEFINE(AT24C02,PCF8591)
                    - DEBUG OBJECTEXTEND PRINT(.\Listings\tim.lst) TABS(2) OBJECT(.\Objects\tim.obj)

line level    source

   1          #include "seg.h"
   2          
   3          sfr  TCON = 0x88;
   4          sfr  TMOD = 0x89;
   5          sfr  AUXR = 0x8E;
   6          sfr  TL1  = 0x8B;
   7          sfr  TH1  = 0x8D;
   8          sbit TR1  = TCON^6;
   9          sbit TF1  = TCON^7;
  10          
  11          sfr  IE   = 0xA8;
  12          sbit ET1  = IE^3;
  13          sbit EA   = IE^7;
  14          
  15          sfr  TL0  = 0x8A;
  16          sfr  TH0  = 0x8C;
  17          sbit TR0  = TCON^4;
  18          
  19          void T1_Init(void)                    // 1毫秒@12.000MHz
  20          {
  21   1        AUXR &= 0xBF;                       // 定时器时钟12T模式
  22   1        TMOD &= 0x0F;                       // 设置定时器模式
  23   1        TL1 = 0x18;                         // 设置定时初值（24）
  24   1        TH1 = 0xFC;                         // 设置定时初值（252）
  25   1        TF1 = 0;                            // 清除TF1标志
  26   1        TR1 = 1;                            // 定时器1开始计时
  27   1        ET1 = 1;                            // 允许T1中断
  28   1        EA  = 1;                            // 允许系统中断
  29   1      }
  30          
  31                 unsigned int  uiTms;           // 毫秒值
  32          extern unsigned int  uiSec;           // 秒值
  33          extern unsigned int  uiSeg_Dly;       // 显示刷新延时
  34          extern unsigned char ucSeg_Dly;       // 显示移位延时
  35          extern unsigned char ucKey_Dly;       // 按键刷新延时
  36          extern unsigned int  uiFreq;          // 频率值
  37          extern unsigned char pucSeg_Code[8];  // 显示代码
  38          extern unsigned char ucSeg_Pos;       // 显示位置
  39                 unsigned char uc100;           // 100微秒值
  40          extern unsigned char ucLed_Dly;       // LED延时
  41          extern unsigned char ucUln;           // ULN值
  42          extern unsigned char ucDuty;          // 占空比
  43          void T1_Proc(void) interrupt 3
  44          {
  45   1        if (++uiTms == 1000)                // 1s时间到
  46   1        {
  47   2          uiFreq = (TH0 << 8) + TL0;
  48   2          TL0 = 0;
  49   2          TH0 = 0;
  50   2          uiTms = 0;
  51   2          uiSec++;
  52   2        }
  53   1        uiSeg_Dly++;
  54   1        ucSeg_Dly++;
C51 COMPILER V9.56.0.0   TIM                                                               01/25/2025 10:54:04 PAGE 2   

  55   1        ucKey_Dly++;
  56   1        ucLed_Dly++;
  57   1      //用中断方式实现数码管循环显示
  58   1        if (ucSeg_Dly >= 2)               // 2ms移位1次
  59   1        {
  60   2          ucSeg_Dly = 0;
  61   2      
  62   2          Seg_Disp(pucSeg_Code[ucSeg_Pos], ucSeg_Pos);
  63   2          ucSeg_Pos = ++ucSeg_Pos & 7;    // 数码管循环显示
  64   2        }
  65   1      }
  66          
  67          sfr  CCON   = 0xD8;                     // PCA控制寄存器
  68          sfr  CL      = 0xE9;                  // PCA低8位定时值
  69          sfr  CH      = 0xF9;                  // PCA高8位定时值
  70          sbit CR     = CCON^6;                 // PCA运行控制位
  71          sbit CF     = CCON^7;                 // PCA溢出标志位
  72          
  73          sfr  P1     = 0x90;
  74          sbit TX     = P1^0;
  75          sbit RX     = P1^1;
  76          
  77          unsigned char Dist_Meas(void)
  78          {
  79   1        unsigned char ucNum = 10;
  80   1      
  81   1        // TX引脚发送40KHz方波信号驱动超声波发送探头
  82   1        TX = 0;
  83   1        CL = 0xf4;                            // 设置PCA低8位定时值
  84   1        CH = 0xff;                            // 设置PCA高8位定时值
  85   1        CR = 1;                               // 启动PCA
  86   1        while (ucNum--)
  87   1        {
  88   2          while (!CF);                        // 等待PCA定时时间到
  89   2          TX ^= 1;                            // 翻转TX
  90   2          CL = 0xf4;                          // 重置PCA低8位定时值
  91   2          CH = 0xff;                          // 重置PCA高8位定时值
  92   2          CF = 0;
  93   2        }
  94   1        CR = 0;                               // 关闭PCA
  95   1        // 接收计时
  96   1        CL = 0;                               // 设置PCA低8位定时值
  97   1        CH = 0;                               // 设置PCA高8位定时值
  98   1        CR = 1;
  99   1        while(RX && !CF);                   // 等待下降沿
 100   1        CR = 0;
 101   1        return ((CH<<8)+CL)*0.017;          // 计算距离：340*100/1000000/2
 102   1      }
 103          
 104          void T0_Init(void) 
 105          {
 106   1        TMOD |= 5;                            // 设置T0为16位计数方式
 107   1        TR0 = 1;                              // 启动T0
 108   1      }
 109          
 110          sfr  T2H  = 0xD6;
 111          sfr  T2L  = 0xD7;
 112          sfr  IE2  = 0xAF;
 113          
 114          // 定时100us@12.000MHz
 115          void T2_Init(void) 
 116          {
C51 COMPILER V9.56.0.0   TIM                                                               01/25/2025 10:54:04 PAGE 3   

 117   1        T2L = 156;
 118   1        T2H = 255;
 119   1        AUXR |= 0x10;
 120   1        IE2 |= 4;
 121   1        EA = 1;
 122   1      }
 123          
 124          void T2_Proc(void) interrupt 12
 125          {
 126   1        if (++uc100 == 10)
 127   1        {
 128   2          uc100 = 0;
 129   2          ucUln &= ~0x20;
 130   2          Uln_Ctrl(ucUln);
 131   2        }
 132   1        if (uc100 == ucDuty)
 133   1        {
 134   2          ucUln |= 0x20;
 135   2          Uln_Ctrl(ucUln);
 136   2        }
 137   1      }


MODULE INFORMATION:   STATIC OVERLAYABLE
   CODE SIZE        =    368    ----
   CONSTANT SIZE    =   ----    ----
   XDATA SIZE       =   ----    ----
   PDATA SIZE       =   ----    ----
   DATA SIZE        =      3    ----
   IDATA SIZE       =   ----    ----
   BIT SIZE         =   ----    ----
END OF MODULE INFORMATION.


C51 COMPILATION COMPLETE.  0 WARNING(S),  0 ERROR(S)
